// Jest Snapshot v1, https://goo.gl/fbAQLP

exports[`[POST] /movies add a random movie 1`] = `"{\\"code\\":0,\\"msg\\":\\"success\\",\\"data\\":{\\"name\\":\\"helol\\",\\"releaseYear\\":133,\\"rating\\":132,\\"id\\":\\"3cdf7b04-f788-4729-b9a4-91f488b1f67d\\"}}"`;
